22:27:52 [INFO] Bot de Cartões iniciado | fonte=hibrido | prob_min=50% | varre a cada 300s
22:27:52 [INFO] Modo HÍBRIDO: ESPN (clubes, ilimitado) + API-Football (só Copa ao vivo)
22:27:57 [INFO] [ESPN] 0 jogos ao vivo (ligas: ['bra.1', 'usa.1', 'arg.1', 'mex.1', 'nor.1', 'swe.1', 'uefa.europa', 'uefa.champions', 'eng.1', 'esp.1', 'ita.1', 'ger.1', 'fra.1'])
22:27:57 [INFO] Copa AO VIVO → consultando API-Football
22:27:58 [INFO] [API-Football] 2 jogos relevantes ao vivo (filtro: ['world cup'])
22:33:04 [INFO] [ESPN] 0 jogos ao vivo (ligas: ['bra.1', 'usa.1', 'arg.1', 'mex.1', 'nor.1', 'swe.1', 'uefa.europa', 'uefa.champions', 'eng.1', 'esp.1', 'ita.1', 'ger.1', 'fra.1'])
22:38:08 [INFO] [ESPN] 0 jogos ao vivo (ligas: ['bra.1', 'usa.1', 'arg.1', 'mex.1', 'nor.1', 'swe.1', 'uefa.europa', 'uefa.champions', 'eng.1', 'esp.1', 'ita.1', 'ger.1', 'fra.1'])
22:43:13 [INFO] [ESPN] 0 jogos ao vivo (ligas: ['bra.1', 'usa.1', 'arg.1', 'mex.1', 'nor.1', 'swe.1', 'uefa.europa', 'uefa.champions', 'eng.1', 'esp.1', 'ita.1', 'ger.1', 'fra.1'])
22:43:13 [INFO] Copa AO VIVO → consultando API-Football
22:43:14 [INFO] [API-Football] 2 jogos relevantes ao vivo (filtro: ['world cup'])
22:48:20 [INFO] [ESPN] 0 jogos ao vivo (ligas: ['bra.1', 'usa.1', 'arg.1', 'mex.1', 'nor.1', 'swe.1', 'uefa.europa', 'uefa.champions', 'eng.1', 'esp.1', 'ita.1', 'ger.1', 'fra.1'])
22:53:23 [INFO] [ESPN] 0 jogos ao vivo (ligas: ['bra.1', 'usa.1', 'arg.1', 'mex.1', 'nor.1', 'swe.1', 'uefa.europa', 'uefa.champions', 'eng.1', 'esp.1', 'ita.1', 'ger.1', 'fra.1'])
22:58:27 [INFO] [ESPN] 0 jogos ao vivo (ligas: ['bra.1', 'usa.1', 'arg.1', 'mex.1', 'nor.1', 'swe.1', 'uefa.europa', 'uefa.champions', 'eng.1', 'esp.1', 'ita.1', 'ger.1', 'fra.1'])
22:58:27 [INFO] Copa AO VIVO → consultando API-Football
22:58:27 [INFO] [API-Football] 2 jogos relevantes ao vivo (filtro: ['world cup'])
23:03:33 [INFO] [ESPN] 0 jogos ao vivo (ligas: ['bra.1', 'usa.1', 'arg.1', 'mex.1', 'nor.1', 'swe.1', 'uefa.europa', 'uefa.champions', 'eng.1', 'esp.1', 'ita.1', 'ger.1', 'fra.1'])
23:03:33 [INFO] Sem Copa ao vivo — API-Football poupada (0 cota)
23:08:37 [INFO] [ESPN] 0 jogos ao vivo (ligas: ['bra.1', 'usa.1', 'arg.1', 'mex.1', 'nor.1', 'swe.1', 'uefa.europa', 'uefa.champions', 'eng.1', 'esp.1', 'ita.1', 'ger.1', 'fra.1'])
23:08:37 [INFO] Sem Copa ao vivo — API-Football poupada (0 cota)
23:13:41 [INFO] [ESPN] 0 jogos ao vivo (ligas: ['bra.1', 'usa.1', 'arg.1', 'mex.1', 'nor.1', 'swe.1', 'uefa.europa', 'uefa.champions', 'eng.1', 'esp.1', 'ita.1', 'ger.1', 'fra.1'])
23:13:42 [INFO] Sem Copa ao vivo — API-Football poupada (0 cota)
23:18:45 [INFO] [ESPN] 0 jogos ao vivo (ligas: ['bra.1', 'usa.1', 'arg.1', 'mex.1', 'nor.1', 'swe.1', 'uefa.europa', 'uefa.champions', 'eng.1', 'esp.1', 'ita.1', 'ger.1', 'fra.1'])
23:18:46 [INFO] Sem Copa ao vivo — API-Football poupada (0 cota)
23:23:50 [INFO] [ESPN] 0 jogos ao vivo (ligas: ['bra.1', 'usa.1', 'arg.1', 'mex.1', 'nor.1', 'swe.1', 'uefa.europa', 'uefa.champions', 'eng.1', 'esp.1', 'ita.1', 'ger.1', 'fra.1'])
23:23:50 [INFO] Sem Copa ao vivo — API-Football poupada (0 cota)
23:28:54 [INFO] [ESPN] 0 jogos ao vivo (ligas: ['bra.1', 'usa.1', 'arg.1', 'mex.1', 'nor.1', 'swe.1', 'uefa.europa', 'uefa.champions', 'eng.1', 'esp.1', 'ita.1', 'ger.1', 'fra.1'])
23:28:54 [INFO] Sem Copa ao vivo — API-Football poupada (0 cota)
23:33:58 [INFO] [ESPN] 0 jogos ao vivo (ligas: ['bra.1', 'usa.1', 'arg.1', 'mex.1', 'nor.1', 'swe.1', 'uefa.europa', 'uefa.champions', 'eng.1', 'esp.1', 'ita.1', 'ger.1', 'fra.1'])
23:33:58 [INFO] Sem Copa ao vivo — API-Football poupada (0 cota)
23:39:02 [INFO] [ESPN] 0 jogos ao vivo (ligas: ['bra.1', 'usa.1', 'arg.1', 'mex.1', 'nor.1', 'swe.1', 'uefa.europa', 'uefa.champions', 'eng.1', 'esp.1', 'ita.1', 'ger.1', 'fra.1'])
23:39:02 [INFO] Sem Copa ao vivo — API-Football poupada (0 cota)
23:44:06 [INFO] [ESPN] 0 jogos ao vivo (ligas: ['bra.1', 'usa.1', 'arg.1', 'mex.1', 'nor.1', 'swe.1', 'uefa.europa', 'uefa.champions', 'eng.1', 'esp.1', 'ita.1', 'ger.1', 'fra.1'])
23:44:06 [INFO] Sem Copa ao vivo — API-Football poupada (0 cota)
23:49:10 [INFO] [ESPN] 0 jogos ao vivo (ligas: ['bra.1', 'usa.1', 'arg.1', 'mex.1', 'nor.1', 'swe.1', 'uefa.europa', 'uefa.champions', 'eng.1', 'esp.1', 'ita.1', 'ger.1', 'fra.1'])
23:49:10 [INFO] Sem Copa ao vivo — API-Football poupada (0 cota)
23:54:16 [INFO] [ESPN] 0 jogos ao vivo (ligas: ['bra.1', 'usa.1', 'arg.1', 'mex.1', 'nor.1', 'swe.1', 'uefa.europa', 'uefa.champions', 'eng.1', 'esp.1', 'ita.1', 'ger.1', 'fra.1'])
23:54:16 [INFO] Sem Copa ao vivo — API-Football poupada (0 cota)
23:59:20 [INFO] [ESPN] 0 jogos ao vivo (ligas: ['bra.1', 'usa.1', 'arg.1', 'mex.1', 'nor.1', 'swe.1', 'uefa.europa', 'uefa.champions', 'eng.1', 'esp.1', 'ita.1', 'ger.1', 'fra.1'])
23:59:20 [INFO] Sem Copa ao vivo — API-Football poupada (0 cota)
00:04:23 [INFO] [ESPN] 0 jogos ao vivo (ligas: ['bra.1', 'usa.1', 'arg.1', 'mex.1', 'nor.1', 'swe.1', 'uefa.europa', 'uefa.champions', 'eng.1', 'esp.1', 'ita.1', 'ger.1', 'fra.1'])
00:04:23 [INFO] Copa AO VIVO → consultando API-Football
00:04:24 [INFO] [API-Football] 2 jogos relevantes ao vivo (filtro: ['world cup'])
00:04:24 [INFO] SINAL [chutes]: Mahmoud Trézéguet (Egypt) 76%
00:04:25 [INFO] SINAL [chutes]: Chris Wood (New Zealand) 77%
00:09:32 [INFO] [ESPN] 0 jogos ao vivo (ligas: ['bra.1', 'usa.1', 'arg.1', 'mex.1', 'nor.1', 'swe.1', 'uefa.europa', 'uefa.champions', 'eng.1', 'esp.1', 'ita.1', 'ger.1', 'fra.1'])
00:14:37 [INFO] [ESPN] 0 jogos ao vivo (ligas: ['bra.1', 'usa.1', 'arg.1', 'mex.1', 'nor.1', 'swe.1', 'uefa.europa', 'uefa.champions', 'eng.1', 'esp.1', 'ita.1', 'ger.1', 'fra.1'])
00:19:42 [INFO] [ESPN] 0 jogos ao vivo (ligas: ['bra.1', 'usa.1', 'arg.1', 'mex.1', 'nor.1', 'swe.1', 'uefa.europa', 'uefa.champions', 'eng.1', 'esp.1', 'ita.1', 'ger.1', 'fra.1'])
00:19:42 [INFO] Copa AO VIVO → consultando API-Football
00:19:43 [INFO] [API-Football] 2 jogos relevantes ao vivo (filtro: ['world cup'])
00:19:43 [INFO] SINAL [chutes]: Mostafa Ziko (Egypt) 69%
00:24:49 [INFO] [ESPN] 0 jogos ao vivo (ligas: ['bra.1', 'usa.1', 'arg.1', 'mex.1', 'nor.1', 'swe.1', 'uefa.europa', 'uefa.champions', 'eng.1', 'esp.1', 'ita.1', 'ger.1', 'fra.1'])
00:29:52 [INFO] [ESPN] 0 jogos ao vivo (ligas: ['bra.1', 'usa.1', 'arg.1', 'mex.1', 'nor.1', 'swe.1', 'uefa.europa', 'uefa.champions', 'eng.1', 'esp.1', 'ita.1', 'ger.1', 'fra.1'])
00:34:57 [INFO] [ESPN] 0 jogos ao vivo (ligas: ['bra.1', 'usa.1', 'arg.1', 'mex.1', 'nor.1', 'swe.1', 'uefa.europa', 'uefa.champions', 'eng.1', 'esp.1', 'ita.1', 'ger.1', 'fra.1'])
00:34:57 [INFO] Copa AO VIVO → consultando API-Football
00:34:58 [INFO] [API-Football] 2 jogos relevantes ao vivo (filtro: ['world cup'])
00:40:03 [INFO] [ESPN] 0 jogos ao vivo (ligas: ['bra.1', 'usa.1', 'arg.1', 'mex.1', 'nor.1', 'swe.1', 'uefa.europa', 'uefa.champions', 'eng.1', 'esp.1', 'ita.1', 'ger.1', 'fra.1'])
00:45:07 [INFO] [ESPN] 0 jogos ao vivo (ligas: ['bra.1', 'usa.1', 'arg.1', 'mex.1', 'nor.1', 'swe.1', 'uefa.europa', 'uefa.champions', 'eng.1', 'esp.1', 'ita.1', 'ger.1', 'fra.1'])
00:50:12 [INFO] [ESPN] 0 jogos ao vivo (ligas: ['bra.1', 'usa.1', 'arg.1', 'mex.1', 'nor.1', 'swe.1', 'uefa.europa', 'uefa.champions', 'eng.1', 'esp.1', 'ita.1', 'ger.1', 'fra.1'])
00:50:12 [INFO] Copa AO VIVO → consultando API-Football
00:50:13 [INFO] [API-Football] 2 jogos relevantes ao vivo (filtro: ['world cup'])
00:55:18 [INFO] [ESPN] 0 jogos ao vivo (ligas: ['bra.1', 'usa.1', 'arg.1', 'mex.1', 'nor.1', 'swe.1', 'uefa.europa', 'uefa.champions', 'eng.1', 'esp.1', 'ita.1', 'ger.1', 'fra.1'])
01:00:24 [INFO] [ESPN] 0 jogos ao vivo (ligas: ['bra.1', 'usa.1', 'arg.1', 'mex.1', 'nor.1', 'swe.1', 'uefa.europa', 'uefa.champions', 'eng.1', 'esp.1', 'ita.1', 'ger.1', 'fra.1'])
01:05:30 [INFO] [ESPN] 0 jogos ao vivo (ligas: ['bra.1', 'usa.1', 'arg.1', 'mex.1', 'nor.1', 'swe.1', 'uefa.europa', 'uefa.champions', 'eng.1', 'esp.1', 'ita.1', 'ger.1', 'fra.1'])
01:05:31 [INFO] Copa AO VIVO → consultando API-Football
01:05:31 [INFO] [API-Football] 2 jogos relevantes ao vivo (filtro: ['world cup'])
01:10:36 [INFO] [ESPN] 0 jogos ao vivo (ligas: ['bra.1', 'usa.1', 'arg.1', 'mex.1', 'nor.1', 'swe.1', 'uefa.europa', 'uefa.champions', 'eng.1', 'esp.1', 'ita.1', 'ger.1', 'fra.1'])
01:15:41 [INFO] [ESPN] 0 jogos ao vivo (ligas: ['bra.1', 'usa.1', 'arg.1', 'mex.1', 'nor.1', 'swe.1', 'uefa.europa', 'uefa.champions', 'eng.1', 'esp.1', 'ita.1', 'ger.1', 'fra.1'])
01:20:46 [INFO] [ESPN] 0 jogos ao vivo (ligas: ['bra.1', 'usa.1', 'arg.1', 'mex.1', 'nor.1', 'swe.1', 'uefa.europa', 'uefa.champions', 'eng.1', 'esp.1', 'ita.1', 'ger.1', 'fra.1'])
01:20:46 [INFO] Copa AO VIVO → consultando API-Football
01:20:46 [INFO] [API-Football] 2 jogos relevantes ao vivo (filtro: ['world cup'])
01:25:52 [INFO] [ESPN] 0 jogos ao vivo (ligas: ['bra.1', 'usa.1', 'arg.1', 'mex.1', 'nor.1', 'swe.1', 'uefa.europa', 'uefa.champions', 'eng.1', 'esp.1', 'ita.1', 'ger.1', 'fra.1'])
01:30:56 [INFO] [ESPN] 0 jogos ao vivo (ligas: ['bra.1', 'usa.1', 'arg.1', 'mex.1', 'nor.1', 'swe.1', 'uefa.europa', 'uefa.champions', 'eng.1', 'esp.1', 'ita.1', 'ger.1', 'fra.1'])
01:36:00 [INFO] [ESPN] 0 jogos ao vivo (ligas: ['bra.1', 'usa.1', 'arg.1', 'mex.1', 'nor.1', 'swe.1', 'uefa.europa', 'uefa.champions', 'eng.1', 'esp.1', 'ita.1', 'ger.1', 'fra.1'])
01:36:00 [INFO] Copa AO VIVO → consultando API-Football
01:36:01 [INFO] [API-Football] 2 jogos relevantes ao vivo (filtro: ['world cup'])
01:41:07 [INFO] [ESPN] 0 jogos ao vivo (ligas: ['bra.1', 'usa.1', 'arg.1', 'mex.1', 'nor.1', 'swe.1', 'uefa.europa', 'uefa.champions', 'eng.1', 'esp.1', 'ita.1', 'ger.1', 'fra.1'])
01:46:11 [INFO] [ESPN] 0 jogos ao vivo (ligas: ['bra.1', 'usa.1', 'arg.1', 'mex.1', 'nor.1', 'swe.1', 'uefa.europa', 'uefa.champions', 'eng.1', 'esp.1', 'ita.1', 'ger.1', 'fra.1'])
01:51:15 [INFO] [ESPN] 0 jogos ao vivo (ligas: ['bra.1', 'usa.1', 'arg.1', 'mex.1', 'nor.1', 'swe.1', 'uefa.europa', 'uefa.champions', 'eng.1', 'esp.1', 'ita.1', 'ger.1', 'fra.1'])
01:51:16 [INFO] Copa AO VIVO → consultando API-Football
01:51:16 [INFO] [API-Football] 2 jogos relevantes ao vivo (filtro: ['world cup'])
01:56:21 [INFO] [ESPN] 0 jogos ao vivo (ligas: ['bra.1', 'usa.1', 'arg.1', 'mex.1', 'nor.1', 'swe.1', 'uefa.europa', 'uefa.champions', 'eng.1', 'esp.1', 'ita.1', 'ger.1', 'fra.1'])
02:01:25 [INFO] [ESPN] 0 jogos ao vivo (ligas: ['bra.1', 'usa.1', 'arg.1', 'mex.1', 'nor.1', 'swe.1', 'uefa.europa', 'uefa.champions', 'eng.1', 'esp.1', 'ita.1', 'ger.1', 'fra.1'])
02:06:29 [INFO] [ESPN] 0 jogos ao vivo (ligas: ['bra.1', 'usa.1', 'arg.1', 'mex.1', 'nor.1', 'swe.1', 'uefa.europa', 'uefa.champions', 'eng.1', 'esp.1', 'ita.1', 'ger.1', 'fra.1'])
02:06:29 [INFO] Sem Copa ao vivo — API-Football poupada (0 cota)
02:11:33 [INFO] [ESPN] 0 jogos ao vivo (ligas: ['bra.1', 'usa.1', 'arg.1', 'mex.1', 'nor.1', 'swe.1', 'uefa.europa', 'uefa.champions', 'eng.1', 'esp.1', 'ita.1', 'ger.1', 'fra.1'])
02:11:33 [INFO] Sem Copa ao vivo — API-Football poupada (0 cota)
02:16:37 [INFO] [ESPN] 0 jogos ao vivo (ligas: ['bra.1', 'usa.1', 'arg.1', 'mex.1', 'nor.1', 'swe.1', 'uefa.europa', 'uefa.champions', 'eng.1', 'esp.1', 'ita.1', 'ger.1', 'fra.1'])
02:16:37 [INFO] Sem Copa ao vivo — API-Football poupada (0 cota)
02:21:40 [INFO] [ESPN] 0 jogos ao vivo (ligas: ['bra.1', 'usa.1', 'arg.1', 'mex.1', 'nor.1', 'swe.1', 'uefa.europa', 'uefa.champions', 'eng.1', 'esp.1', 'ita.1', 'ger.1', 'fra.1'])
02:21:41 [INFO] Sem Copa ao vivo — API-Football poupada (0 cota)
02:26:44 [INFO] [ESPN] 0 jogos ao vivo (ligas: ['bra.1', 'usa.1', 'arg.1', 'mex.1', 'nor.1', 'swe.1', 'uefa.europa', 'uefa.champions', 'eng.1', 'esp.1', 'ita.1', 'ger.1', 'fra.1'])
02:26:44 [INFO] Sem Copa ao vivo — API-Football poupada (0 cota)
02:31:48 [INFO] [ESPN] 0 jogos ao vivo (ligas: ['bra.1', 'usa.1', 'arg.1', 'mex.1', 'nor.1', 'swe.1', 'uefa.europa', 'uefa.champions', 'eng.1', 'esp.1', 'ita.1', 'ger.1', 'fra.1'])
02:31:48 [INFO] Sem Copa ao vivo — API-Football poupada (0 cota)
02:36:53 [INFO] [ESPN] 0 jogos ao vivo (ligas: ['bra.1', 'usa.1', 'arg.1', 'mex.1', 'nor.1', 'swe.1', 'uefa.europa', 'uefa.champions', 'eng.1', 'esp.1', 'ita.1', 'ger.1', 'fra.1'])
02:36:53 [INFO] Sem Copa ao vivo — API-Football poupada (0 cota)
02:41:56 [INFO] [ESPN] 0 jogos ao vivo (ligas: ['bra.1', 'usa.1', 'arg.1', 'mex.1', 'nor.1', 'swe.1', 'uefa.europa', 'uefa.champions', 'eng.1', 'esp.1', 'ita.1', 'ger.1', 'fra.1'])
02:41:57 [INFO] Sem Copa ao vivo — API-Football poupada (0 cota)
02:47:01 [INFO] [ESPN] 0 jogos ao vivo (ligas: ['bra.1', 'usa.1', 'arg.1', 'mex.1', 'nor.1', 'swe.1', 'uefa.europa', 'uefa.champions', 'eng.1', 'esp.1', 'ita.1', 'ger.1', 'fra.1'])
02:47:01 [INFO] Sem Copa ao vivo — API-Football poupada (0 cota)
02:52:04 [INFO] [ESPN] 0 jogos ao vivo (ligas: ['bra.1', 'usa.1', 'arg.1', 'mex.1', 'nor.1', 'swe.1', 'uefa.europa', 'uefa.champions', 'eng.1', 'esp.1', 'ita.1', 'ger.1', 'fra.1'])
02:52:05 [INFO] Sem Copa ao vivo — API-Football poupada (0 cota)
02:57:09 [INFO] [ESPN] 0 jogos ao vivo (ligas: ['bra.1', 'usa.1', 'arg.1', 'mex.1', 'nor.1', 'swe.1', 'uefa.europa', 'uefa.champions', 'eng.1', 'esp.1', 'ita.1', 'ger.1', 'fra.1'])
02:57:09 [INFO] Sem Copa ao vivo — API-Football poupada (0 cota)
03:02:13 [INFO] [ESPN] 0 jogos ao vivo (ligas: ['bra.1', 'usa.1', 'arg.1', 'mex.1', 'nor.1', 'swe.1', 'uefa.europa', 'uefa.champions', 'eng.1', 'esp.1', 'ita.1', 'ger.1', 'fra.1'])
03:02:13 [INFO] Sem Copa ao vivo — API-Football poupada (0 cota)
03:07:17 [INFO] [ESPN] 0 jogos ao vivo (ligas: ['bra.1', 'usa.1', 'arg.1', 'mex.1', 'nor.1', 'swe.1', 'uefa.europa', 'uefa.champions', 'eng.1', 'esp.1', 'ita.1', 'ger.1', 'fra.1'])
03:07:17 [INFO] Sem Copa ao vivo — API-Football poupada (0 cota)
03:12:22 [INFO] [ESPN] 0 jogos ao vivo (ligas: ['bra.1', 'usa.1', 'arg.1', 'mex.1', 'nor.1', 'swe.1', 'uefa.europa', 'uefa.champions', 'eng.1', 'esp.1', 'ita.1', 'ger.1', 'fra.1'])
03:12:22 [INFO] Sem Copa ao vivo — API-Football poupada (0 cota)
03:17:25 [INFO] [ESPN] 0 jogos ao vivo (ligas: ['bra.1', 'usa.1', 'arg.1', 'mex.1', 'nor.1', 'swe.1', 'uefa.europa', 'uefa.champions', 'eng.1', 'esp.1', 'ita.1', 'ger.1', 'fra.1'])
03:17:26 [INFO] Sem Copa ao vivo — API-Football poupada (0 cota)
03:22:29 [INFO] [ESPN] 0 jogos ao vivo (ligas: ['bra.1', 'usa.1', 'arg.1', 'mex.1', 'nor.1', 'swe.1', 'uefa.europa', 'uefa.champions', 'eng.1', 'esp.1', 'ita.1', 'ger.1', 'fra.1'])
03:22:29 [INFO] Sem Copa ao vivo — API-Football poupada (0 cota)
03:27:33 [INFO] [ESPN] 0 jogos ao vivo (ligas: ['bra.1', 'usa.1', 'arg.1', 'mex.1', 'nor.1', 'swe.1', 'uefa.europa', 'uefa.champions', 'eng.1', 'esp.1', 'ita.1', 'ger.1', 'fra.1'])
03:27:33 [INFO] Sem Copa ao vivo — API-Football poupada (0 cota)
03:32:37 [INFO] [ESPN] 0 jogos ao vivo (ligas: ['bra.1', 'usa.1', 'arg.1', 'mex.1', 'nor.1', 'swe.1', 'uefa.europa', 'uefa.champions', 'eng.1', 'esp.1', 'ita.1', 'ger.1', 'fra.1'])
03:32:37 [INFO] Sem Copa ao vivo — API-Football poupada (0 cota)
03:37:41 [INFO] [ESPN] 0 jogos ao vivo (ligas: ['bra.1', 'usa.1', 'arg.1', 'mex.1', 'nor.1', 'swe.1', 'uefa.europa', 'uefa.champions', 'eng.1', 'esp.1', 'ita.1', 'ger.1', 'fra.1'])
03:37:41 [INFO] Sem Copa ao vivo — API-Football poupada (0 cota)
03:42:45 [INFO] [ESPN] 0 jogos ao vivo (ligas: ['bra.1', 'usa.1', 'arg.1', 'mex.1', 'nor.1', 'swe.1', 'uefa.europa', 'uefa.champions', 'eng.1', 'esp.1', 'ita.1', 'ger.1', 'fra.1'])
03:42:45 [INFO] Sem Copa ao vivo — API-Football poupada (0 cota)
03:47:49 [INFO] [ESPN] 0 jogos ao vivo (ligas: ['bra.1', 'usa.1', 'arg.1', 'mex.1', 'nor.1', 'swe.1', 'uefa.europa', 'uefa.champions', 'eng.1', 'esp.1', 'ita.1', 'ger.1', 'fra.1'])
03:47:49 [INFO] Sem Copa ao vivo — API-Football poupada (0 cota)
03:52:53 [INFO] [ESPN] 0 jogos ao vivo (ligas: ['bra.1', 'usa.1', 'arg.1', 'mex.1', 'nor.1', 'swe.1', 'uefa.europa', 'uefa.champions', 'eng.1', 'esp.1', 'ita.1', 'ger.1', 'fra.1'])
03:52:53 [INFO] Sem Copa ao vivo — API-Football poupada (0 cota)
03:57:57 [INFO] [ESPN] 0 jogos ao vivo (ligas: ['bra.1', 'usa.1', 'arg.1', 'mex.1', 'nor.1', 'swe.1', 'uefa.europa', 'uefa.champions', 'eng.1', 'esp.1', 'ita.1', 'ger.1', 'fra.1'])
03:57:57 [INFO] Sem Copa ao vivo — API-Football poupada (0 cota)
04:03:02 [INFO] [ESPN] 0 jogos ao vivo (ligas: ['bra.1', 'usa.1', 'arg.1', 'mex.1', 'nor.1', 'swe.1', 'uefa.europa', 'uefa.champions', 'eng.1', 'esp.1', 'ita.1', 'ger.1', 'fra.1'])
04:03:02 [INFO] Sem Copa ao vivo — API-Football poupada (0 cota)
04:08:06 [INFO] [ESPN] 0 jogos ao vivo (ligas: ['bra.1', 'usa.1', 'arg.1', 'mex.1', 'nor.1', 'swe.1', 'uefa.europa', 'uefa.champions', 'eng.1', 'esp.1', 'ita.1', 'ger.1', 'fra.1'])
04:08:06 [INFO] Sem Copa ao vivo — API-Football poupada (0 cota)
04:13:09 [INFO] [ESPN] 0 jogos ao vivo (ligas: ['bra.1', 'usa.1', 'arg.1', 'mex.1', 'nor.1', 'swe.1', 'uefa.europa', 'uefa.champions', 'eng.1', 'esp.1', 'ita.1', 'ger.1', 'fra.1'])
04:13:10 [INFO] Sem Copa ao vivo — API-Football poupada (0 cota)
04:18:13 [INFO] [ESPN] 0 jogos ao vivo (ligas: ['bra.1', 'usa.1', 'arg.1', 'mex.1', 'nor.1', 'swe.1', 'uefa.europa', 'uefa.champions', 'eng.1', 'esp.1', 'ita.1', 'ger.1', 'fra.1'])
04:18:13 [INFO] Sem Copa ao vivo — API-Football poupada (0 cota)
04:23:17 [INFO] [ESPN] 0 jogos ao vivo (ligas: ['bra.1', 'usa.1', 'arg.1', 'mex.1', 'nor.1', 'swe.1', 'uefa.europa', 'uefa.champions', 'eng.1', 'esp.1', 'ita.1', 'ger.1', 'fra.1'])
04:23:18 [INFO] Sem Copa ao vivo — API-Football poupada (0 cota)
04:28:22 [INFO] [ESPN] 0 jogos ao vivo (ligas: ['bra.1', 'usa.1', 'arg.1', 'mex.1', 'nor.1', 'swe.1', 'uefa.europa', 'uefa.champions', 'eng.1', 'esp.1', 'ita.1', 'ger.1', 'fra.1'])
04:28:22 [INFO] Sem Copa ao vivo — API-Football poupada (0 cota)
04:33:25 [INFO] [ESPN] 0 jogos ao vivo (ligas: ['bra.1', 'usa.1', 'arg.1', 'mex.1', 'nor.1', 'swe.1', 'uefa.europa', 'uefa.champions', 'eng.1', 'esp.1', 'ita.1', 'ger.1', 'fra.1'])
04:33:26 [INFO] Sem Copa ao vivo — API-Football poupada (0 cota)
04:38:29 [INFO] [ESPN] 0 jogos ao vivo (ligas: ['bra.1', 'usa.1', 'arg.1', 'mex.1', 'nor.1', 'swe.1', 'uefa.europa', 'uefa.champions', 'eng.1', 'esp.1', 'ita.1', 'ger.1', 'fra.1'])
04:38:29 [INFO] Sem Copa ao vivo — API-Football poupada (0 cota)
04:43:33 [INFO] [ESPN] 0 jogos ao vivo (ligas: ['bra.1', 'usa.1', 'arg.1', 'mex.1', 'nor.1', 'swe.1', 'uefa.europa', 'uefa.champions', 'eng.1', 'esp.1', 'ita.1', 'ger.1', 'fra.1'])
04:43:33 [INFO] Sem Copa ao vivo — API-Football poupada (0 cota)
04:48:37 [INFO] [ESPN] 0 jogos ao vivo (ligas: ['bra.1', 'usa.1', 'arg.1', 'mex.1', 'nor.1', 'swe.1', 'uefa.europa', 'uefa.champions', 'eng.1', 'esp.1', 'ita.1', 'ger.1', 'fra.1'])
04:48:37 [INFO] Sem Copa ao vivo — API-Football poupada (0 cota)
04:53:40 [INFO] [ESPN] 0 jogos ao vivo (ligas: ['bra.1', 'usa.1', 'arg.1', 'mex.1', 'nor.1', 'swe.1', 'uefa.europa', 'uefa.champions', 'eng.1', 'esp.1', 'ita.1', 'ger.1', 'fra.1'])
04:53:41 [INFO] Sem Copa ao vivo — API-Football poupada (0 cota)
04:58:44 [INFO] [ESPN] 0 jogos ao vivo (ligas: ['bra.1', 'usa.1', 'arg.1', 'mex.1', 'nor.1', 'swe.1', 'uefa.europa', 'uefa.champions', 'eng.1', 'esp.1', 'ita.1', 'ger.1', 'fra.1'])
04:58:44 [INFO] Sem Copa ao vivo — API-Football poupada (0 cota)
05:03:48 [INFO] [ESPN] 0 jogos ao vivo (ligas: ['bra.1', 'usa.1', 'arg.1', 'mex.1', 'nor.1', 'swe.1', 'uefa.europa', 'uefa.champions', 'eng.1', 'esp.1', 'ita.1', 'ger.1', 'fra.1'])
05:03:48 [INFO] Sem Copa ao vivo — API-Football poupada (0 cota)
05:08:51 [INFO] [ESPN] 0 jogos ao vivo (ligas: ['bra.1', 'usa.1', 'arg.1', 'mex.1', 'nor.1', 'swe.1', 'uefa.europa', 'uefa.champions', 'eng.1', 'esp.1', 'ita.1', 'ger.1', 'fra.1'])
05:08:52 [INFO] Sem Copa ao vivo — API-Football poupada (0 cota)
05:13:55 [INFO] [ESPN] 0 jogos ao vivo (ligas: ['bra.1', 'usa.1', 'arg.1', 'mex.1', 'nor.1', 'swe.1', 'uefa.europa', 'uefa.champions', 'eng.1', 'esp.1', 'ita.1', 'ger.1', 'fra.1'])
05:13:55 [INFO] Sem Copa ao vivo — API-Football poupada (0 cota)
05:18:59 [INFO] [ESPN] 0 jogos ao vivo (ligas: ['bra.1', 'usa.1', 'arg.1', 'mex.1', 'nor.1', 'swe.1', 'uefa.europa', 'uefa.champions', 'eng.1', 'esp.1', 'ita.1', 'ger.1', 'fra.1'])
05:18:59 [INFO] Sem Copa ao vivo — API-Football poupada (0 cota)
05:24:02 [INFO] [ESPN] 0 jogos ao vivo (ligas: ['bra.1', 'usa.1', 'arg.1', 'mex.1', 'nor.1', 'swe.1', 'uefa.europa', 'uefa.champions', 'eng.1', 'esp.1', 'ita.1', 'ger.1', 'fra.1'])
05:24:03 [INFO] Sem Copa ao vivo — API-Football poupada (0 cota)
05:29:06 [INFO] [ESPN] 0 jogos ao vivo (ligas: ['bra.1', 'usa.1', 'arg.1', 'mex.1', 'nor.1', 'swe.1', 'uefa.europa', 'uefa.champions', 'eng.1', 'esp.1', 'ita.1', 'ger.1', 'fra.1'])
05:29:07 [INFO] Sem Copa ao vivo — API-Football poupada (0 cota)
05:34:10 [INFO] [ESPN] 0 jogos ao vivo (ligas: ['bra.1', 'usa.1', 'arg.1', 'mex.1', 'nor.1', 'swe.1', 'uefa.europa', 'uefa.champions', 'eng.1', 'esp.1', 'ita.1', 'ger.1', 'fra.1'])
05:34:10 [INFO] Sem Copa ao vivo — API-Football poupada (0 cota)
05:39:14 [INFO] [ESPN] 0 jogos ao vivo (ligas: ['bra.1', 'usa.1', 'arg.1', 'mex.1', 'nor.1', 'swe.1', 'uefa.europa', 'uefa.champions', 'eng.1', 'esp.1', 'ita.1', 'ger.1', 'fra.1'])
05:39:15 [INFO] Sem Copa ao vivo — API-Football poupada (0 cota)
05:44:18 [INFO] [ESPN] 0 jogos ao vivo (ligas: ['bra.1', 'usa.1', 'arg.1', 'mex.1', 'nor.1', 'swe.1', 'uefa.europa', 'uefa.champions', 'eng.1', 'esp.1', 'ita.1', 'ger.1', 'fra.1'])
05:44:18 [INFO] Sem Copa ao vivo — API-Football poupada (0 cota)
05:49:22 [INFO] [ESPN] 0 jogos ao vivo (ligas: ['bra.1', 'usa.1', 'arg.1', 'mex.1', 'nor.1', 'swe.1', 'uefa.europa', 'uefa.champions', 'eng.1', 'esp.1', 'ita.1', 'ger.1', 'fra.1'])
05:49:23 [INFO] Sem Copa ao vivo — API-Football poupada (0 cota)
05:54:26 [INFO] [ESPN] 0 jogos ao vivo (ligas: ['bra.1', 'usa.1', 'arg.1', 'mex.1', 'nor.1', 'swe.1', 'uefa.europa', 'uefa.champions', 'eng.1', 'esp.1', 'ita.1', 'ger.1', 'fra.1'])
05:54:26 [INFO] Sem Copa ao vivo — API-Football poupada (0 cota)
05:59:30 [INFO] [ESPN] 0 jogos ao vivo (ligas: ['bra.1', 'usa.1', 'arg.1', 'mex.1', 'nor.1', 'swe.1', 'uefa.europa', 'uefa.champions', 'eng.1', 'esp.1', 'ita.1', 'ger.1', 'fra.1'])
05:59:30 [INFO] Sem Copa ao vivo — API-Football poupada (0 cota)
06:04:34 [INFO] [ESPN] 0 jogos ao vivo (ligas: ['bra.1', 'usa.1', 'arg.1', 'mex.1', 'nor.1', 'swe.1', 'uefa.europa', 'uefa.champions', 'eng.1', 'esp.1', 'ita.1', 'ger.1', 'fra.1'])
06:04:34 [INFO] Sem Copa ao vivo — API-Football poupada (0 cota)
06:09:38 [INFO] [ESPN] 0 jogos ao vivo (ligas: ['bra.1', 'usa.1', 'arg.1', 'mex.1', 'nor.1', 'swe.1', 'uefa.europa', 'uefa.champions', 'eng.1', 'esp.1', 'ita.1', 'ger.1', 'fra.1'])
06:09:38 [INFO] Sem Copa ao vivo — API-Football poupada (0 cota)
06:14:42 [INFO] [ESPN] 0 jogos ao vivo (ligas: ['bra.1', 'usa.1', 'arg.1', 'mex.1', 'nor.1', 'swe.1', 'uefa.europa', 'uefa.champions', 'eng.1', 'esp.1', 'ita.1', 'ger.1', 'fra.1'])
06:14:42 [INFO] Sem Copa ao vivo — API-Football poupada (0 cota)
06:19:46 [INFO] [ESPN] 0 jogos ao vivo (ligas: ['bra.1', 'usa.1', 'arg.1', 'mex.1', 'nor.1', 'swe.1', 'uefa.europa', 'uefa.champions', 'eng.1', 'esp.1', 'ita.1', 'ger.1', 'fra.1'])
06:19:46 [INFO] Sem Copa ao vivo — API-Football poupada (0 cota)
06:24:50 [INFO] [ESPN] 0 jogos ao vivo (ligas: ['bra.1', 'usa.1', 'arg.1', 'mex.1', 'nor.1', 'swe.1', 'uefa.europa', 'uefa.champions', 'eng.1', 'esp.1', 'ita.1', 'ger.1', 'fra.1'])
06:24:50 [INFO] Sem Copa ao vivo — API-Football poupada (0 cota)
06:29:54 [INFO] [ESPN] 0 jogos ao vivo (ligas: ['bra.1', 'usa.1', 'arg.1', 'mex.1', 'nor.1', 'swe.1', 'uefa.europa', 'uefa.champions', 'eng.1', 'esp.1', 'ita.1', 'ger.1', 'fra.1'])
06:29:55 [INFO] Sem Copa ao vivo — API-Football poupada (0 cota)
06:34:58 [INFO] [ESPN] 0 jogos ao vivo (ligas: ['bra.1', 'usa.1', 'arg.1', 'mex.1', 'nor.1', 'swe.1', 'uefa.europa', 'uefa.champions', 'eng.1', 'esp.1', 'ita.1', 'ger.1', 'fra.1'])
06:34:58 [INFO] Sem Copa ao vivo — API-Football poupada (0 cota)
06:40:02 [INFO] [ESPN] 0 jogos ao vivo (ligas: ['bra.1', 'usa.1', 'arg.1', 'mex.1', 'nor.1', 'swe.1', 'uefa.europa', 'uefa.champions', 'eng.1', 'esp.1', 'ita.1', 'ger.1', 'fra.1'])
06:40:02 [INFO] Sem Copa ao vivo — API-Football poupada (0 cota)
06:45:06 [INFO] [ESPN] 0 jogos ao vivo (ligas: ['bra.1', 'usa.1', 'arg.1', 'mex.1', 'nor.1', 'swe.1', 'uefa.europa', 'uefa.champions', 'eng.1', 'esp.1', 'ita.1', 'ger.1', 'fra.1'])
06:45:07 [INFO] Sem Copa ao vivo — API-Football poupada (0 cota)
06:50:10 [INFO] [ESPN] 0 jogos ao vivo (ligas: ['bra.1', 'usa.1', 'arg.1', 'mex.1', 'nor.1', 'swe.1', 'uefa.europa', 'uefa.champions', 'eng.1', 'esp.1', 'ita.1', 'ger.1', 'fra.1'])
06:50:11 [INFO] Sem Copa ao vivo — API-Football poupada (0 cota)
06:55:14 [INFO] [ESPN] 0 jogos ao vivo (ligas: ['bra.1', 'usa.1', 'arg.1', 'mex.1', 'nor.1', 'swe.1', 'uefa.europa', 'uefa.champions', 'eng.1', 'esp.1', 'ita.1', 'ger.1', 'fra.1'])
06:55:14 [INFO] Sem Copa ao vivo — API-Football poupada (0 cota)
07:00:18 [INFO] [ESPN] 0 jogos ao vivo (ligas: ['bra.1', 'usa.1', 'arg.1', 'mex.1', 'nor.1', 'swe.1', 'uefa.europa', 'uefa.champions', 'eng.1', 'esp.1', 'ita.1', 'ger.1', 'fra.1'])
07:00:18 [INFO] Sem Copa ao vivo — API-Football poupada (0 cota)
07:05:22 [INFO] [ESPN] 0 jogos ao vivo (ligas: ['bra.1', 'usa.1', 'arg.1', 'mex.1', 'nor.1', 'swe.1', 'uefa.europa', 'uefa.champions', 'eng.1', 'esp.1', 'ita.1', 'ger.1', 'fra.1'])
07:05:22 [INFO] Sem Copa ao vivo — API-Football poupada (0 cota)
07:10:26 [INFO] [ESPN] 0 jogos ao vivo (ligas: ['bra.1', 'usa.1', 'arg.1', 'mex.1', 'nor.1', 'swe.1', 'uefa.europa', 'uefa.champions', 'eng.1', 'esp.1', 'ita.1', 'ger.1', 'fra.1'])
07:10:26 [INFO] Sem Copa ao vivo — API-Football poupada (0 cota)
07:15:30 [INFO] [ESPN] 0 jogos ao vivo (ligas: ['bra.1', 'usa.1', 'arg.1', 'mex.1', 'nor.1', 'swe.1', 'uefa.europa', 'uefa.champions', 'eng.1', 'esp.1', 'ita.1', 'ger.1', 'fra.1'])
07:15:30 [INFO] Sem Copa ao vivo — API-Football poupada (0 cota)
07:20:34 [INFO] [ESPN] 0 jogos ao vivo (ligas: ['bra.1', 'usa.1', 'arg.1', 'mex.1', 'nor.1', 'swe.1', 'uefa.europa', 'uefa.champions', 'eng.1', 'esp.1', 'ita.1', 'ger.1', 'fra.1'])
07:20:34 [INFO] Sem Copa ao vivo — API-Football poupada (0 cota)
07:25:38 [INFO] [ESPN] 0 jogos ao vivo (ligas: ['bra.1', 'usa.1', 'arg.1', 'mex.1', 'nor.1', 'swe.1', 'uefa.europa', 'uefa.champions', 'eng.1', 'esp.1', 'ita.1', 'ger.1', 'fra.1'])
07:25:38 [INFO] Sem Copa ao vivo — API-Football poupada (0 cota)
07:30:41 [INFO] [ESPN] 0 jogos ao vivo (ligas: ['bra.1', 'usa.1', 'arg.1', 'mex.1', 'nor.1', 'swe.1', 'uefa.europa', 'uefa.champions', 'eng.1', 'esp.1', 'ita.1', 'ger.1', 'fra.1'])
07:30:41 [INFO] Sem Copa ao vivo — API-Football poupada (0 cota)
07:35:45 [INFO] [ESPN] 0 jogos ao vivo (ligas: ['bra.1', 'usa.1', 'arg.1', 'mex.1', 'nor.1', 'swe.1', 'uefa.europa', 'uefa.champions', 'eng.1', 'esp.1', 'ita.1', 'ger.1', 'fra.1'])
07:35:45 [INFO] Sem Copa ao vivo — API-Football poupada (0 cota)
07:40:49 [INFO] [ESPN] 0 jogos ao vivo (ligas: ['bra.1', 'usa.1', 'arg.1', 'mex.1', 'nor.1', 'swe.1', 'uefa.europa', 'uefa.champions', 'eng.1', 'esp.1', 'ita.1', 'ger.1', 'fra.1'])
07:40:49 [INFO] Sem Copa ao vivo — API-Football poupada (0 cota)
07:45:52 [INFO] [ESPN] 0 jogos ao vivo (ligas: ['bra.1', 'usa.1', 'arg.1', 'mex.1', 'nor.1', 'swe.1', 'uefa.europa', 'uefa.champions', 'eng.1', 'esp.1', 'ita.1', 'ger.1', 'fra.1'])
07:45:53 [INFO] Sem Copa ao vivo — API-Football poupada (0 cota)
07:50:56 [INFO] [ESPN] 0 jogos ao vivo (ligas: ['bra.1', 'usa.1', 'arg.1', 'mex.1', 'nor.1', 'swe.1', 'uefa.europa', 'uefa.champions', 'eng.1', 'esp.1', 'ita.1', 'ger.1', 'fra.1'])
07:50:56 [INFO] Sem Copa ao vivo — API-Football poupada (0 cota)
07:56:00 [INFO] [ESPN] 0 jogos ao vivo (ligas: ['bra.1', 'usa.1', 'arg.1', 'mex.1', 'nor.1', 'swe.1', 'uefa.europa', 'uefa.champions', 'eng.1', 'esp.1', 'ita.1', 'ger.1', 'fra.1'])
07:56:00 [INFO] Sem Copa ao vivo — API-Football poupada (0 cota)
08:01:04 [INFO] [ESPN] 0 jogos ao vivo (ligas: ['bra.1', 'usa.1', 'arg.1', 'mex.1', 'nor.1', 'swe.1', 'uefa.europa', 'uefa.champions', 'eng.1', 'esp.1', 'ita.1', 'ger.1', 'fra.1'])
08:01:04 [INFO] Sem Copa ao vivo — API-Football poupada (0 cota)
08:06:08 [INFO] [ESPN] 0 jogos ao vivo (ligas: ['bra.1', 'usa.1', 'arg.1', 'mex.1', 'nor.1', 'swe.1', 'uefa.europa', 'uefa.champions', 'eng.1', 'esp.1', 'ita.1', 'ger.1', 'fra.1'])
08:06:08 [INFO] Sem Copa ao vivo — API-Football poupada (0 cota)
08:11:12 [INFO] [ESPN] 0 jogos ao vivo (ligas: ['bra.1', 'usa.1', 'arg.1', 'mex.1', 'nor.1', 'swe.1', 'uefa.europa', 'uefa.champions', 'eng.1', 'esp.1', 'ita.1', 'ger.1', 'fra.1'])
08:11:12 [INFO] Sem Copa ao vivo — API-Football poupada (0 cota)
08:16:16 [INFO] [ESPN] 0 jogos ao vivo (ligas: ['bra.1', 'usa.1', 'arg.1', 'mex.1', 'nor.1', 'swe.1', 'uefa.europa', 'uefa.champions', 'eng.1', 'esp.1', 'ita.1', 'ger.1', 'fra.1'])
08:16:16 [INFO] Sem Copa ao vivo — API-Football poupada (0 cota)
08:21:20 [INFO] [ESPN] 0 jogos ao vivo (ligas: ['bra.1', 'usa.1', 'arg.1', 'mex.1', 'nor.1', 'swe.1', 'uefa.europa', 'uefa.champions', 'eng.1', 'esp.1', 'ita.1', 'ger.1', 'fra.1'])
08:21:20 [INFO] Sem Copa ao vivo — API-Football poupada (0 cota)
08:26:24 [INFO] [ESPN] 0 jogos ao vivo (ligas: ['bra.1', 'usa.1', 'arg.1', 'mex.1', 'nor.1', 'swe.1', 'uefa.europa', 'uefa.champions', 'eng.1', 'esp.1', 'ita.1', 'ger.1', 'fra.1'])
08:26:24 [INFO] Sem Copa ao vivo — API-Football poupada (0 cota)
08:31:28 [INFO] [ESPN] 0 jogos ao vivo (ligas: ['bra.1', 'usa.1', 'arg.1', 'mex.1', 'nor.1', 'swe.1', 'uefa.europa', 'uefa.champions', 'eng.1', 'esp.1', 'ita.1', 'ger.1', 'fra.1'])
08:31:28 [INFO] Sem Copa ao vivo — API-Football poupada (0 cota)
08:36:31 [INFO] [ESPN] 0 jogos ao vivo (ligas: ['bra.1', 'usa.1', 'arg.1', 'mex.1', 'nor.1', 'swe.1', 'uefa.europa', 'uefa.champions', 'eng.1', 'esp.1', 'ita.1', 'ger.1', 'fra.1'])
08:36:32 [INFO] Sem Copa ao vivo — API-Football poupada (0 cota)
08:41:36 [INFO] [ESPN] 0 jogos ao vivo (ligas: ['bra.1', 'usa.1', 'arg.1', 'mex.1', 'nor.1', 'swe.1', 'uefa.europa', 'uefa.champions', 'eng.1', 'esp.1', 'ita.1', 'ger.1', 'fra.1'])
08:41:36 [INFO] Sem Copa ao vivo — API-Football poupada (0 cota)
08:46:39 [INFO] [ESPN] 0 jogos ao vivo (ligas: ['bra.1', 'usa.1', 'arg.1', 'mex.1', 'nor.1', 'swe.1', 'uefa.europa', 'uefa.champions', 'eng.1', 'esp.1', 'ita.1', 'ger.1', 'fra.1'])
08:46:40 [INFO] Sem Copa ao vivo — API-Football poupada (0 cota)
08:51:44 [INFO] [ESPN] 0 jogos ao vivo (ligas: ['bra.1', 'usa.1', 'arg.1', 'mex.1', 'nor.1', 'swe.1', 'uefa.europa', 'uefa.champions', 'eng.1', 'esp.1', 'ita.1', 'ger.1', 'fra.1'])
08:51:44 [INFO] Sem Copa ao vivo — API-Football poupada (0 cota)
08:56:47 [INFO] [ESPN] 0 jogos ao vivo (ligas: ['bra.1', 'usa.1', 'arg.1', 'mex.1', 'nor.1', 'swe.1', 'uefa.europa', 'uefa.champions', 'eng.1', 'esp.1', 'ita.1', 'ger.1', 'fra.1'])
08:56:48 [INFO] Sem Copa ao vivo — API-Football poupada (0 cota)
09:01:51 [INFO] [ESPN] 0 jogos ao vivo (ligas: ['bra.1', 'usa.1', 'arg.1', 'mex.1', 'nor.1', 'swe.1', 'uefa.europa', 'uefa.champions', 'eng.1', 'esp.1', 'ita.1', 'ger.1', 'fra.1'])
09:01:52 [INFO] Sem Copa ao vivo — API-Football poupada (0 cota)
09:06:55 [INFO] [ESPN] 0 jogos ao vivo (ligas: ['bra.1', 'usa.1', 'arg.1', 'mex.1', 'nor.1', 'swe.1', 'uefa.europa', 'uefa.champions', 'eng.1', 'esp.1', 'ita.1', 'ger.1', 'fra.1'])
09:06:55 [INFO] Sem Copa ao vivo — API-Football poupada (0 cota)
09:11:59 [INFO] [ESPN] 0 jogos ao vivo (ligas: ['bra.1', 'usa.1', 'arg.1', 'mex.1', 'nor.1', 'swe.1', 'uefa.europa', 'uefa.champions', 'eng.1', 'esp.1', 'ita.1', 'ger.1', 'fra.1'])
09:11:59 [INFO] Sem Copa ao vivo — API-Football poupada (0 cota)
09:17:02 [INFO] [ESPN] 0 jogos ao vivo (ligas: ['bra.1', 'usa.1', 'arg.1', 'mex.1', 'nor.1', 'swe.1', 'uefa.europa', 'uefa.champions', 'eng.1', 'esp.1', 'ita.1', 'ger.1', 'fra.1'])
09:17:02 [INFO] Sem Copa ao vivo — API-Football poupada (0 cota)
09:22:05 [INFO] [ESPN] 0 jogos ao vivo (ligas: ['bra.1', 'usa.1', 'arg.1', 'mex.1', 'nor.1', 'swe.1', 'uefa.europa', 'uefa.champions', 'eng.1', 'esp.1', 'ita.1', 'ger.1', 'fra.1'])
09:22:06 [INFO] Sem Copa ao vivo — API-Football poupada (0 cota)
09:27:09 [INFO] [ESPN] 0 jogos ao vivo (ligas: ['bra.1', 'usa.1', 'arg.1', 'mex.1', 'nor.1', 'swe.1', 'uefa.europa', 'uefa.champions', 'eng.1', 'esp.1', 'ita.1', 'ger.1', 'fra.1'])
09:27:09 [INFO] Sem Copa ao vivo — API-Football poupada (0 cota)
09:32:12 [INFO] [ESPN] 0 jogos ao vivo (ligas: ['bra.1', 'usa.1', 'arg.1', 'mex.1', 'nor.1', 'swe.1', 'uefa.europa', 'uefa.champions', 'eng.1', 'esp.1', 'ita.1', 'ger.1', 'fra.1'])
09:32:12 [INFO] Sem Copa ao vivo — API-Football poupada (0 cota)
09:37:16 [INFO] [ESPN] 0 jogos ao vivo (ligas: ['bra.1', 'usa.1', 'arg.1', 'mex.1', 'nor.1', 'swe.1', 'uefa.europa', 'uefa.champions', 'eng.1', 'esp.1', 'ita.1', 'ger.1', 'fra.1'])
09:37:16 [INFO] Sem Copa ao vivo — API-Football poupada (0 cota)
09:42:19 [INFO] [ESPN] 0 jogos ao vivo (ligas: ['bra.1', 'usa.1', 'arg.1', 'mex.1', 'nor.1', 'swe.1', 'uefa.europa', 'uefa.champions', 'eng.1', 'esp.1', 'ita.1', 'ger.1', 'fra.1'])
09:42:20 [INFO] Sem Copa ao vivo — API-Football poupada (0 cota)
09:47:23 [INFO] [ESPN] 0 jogos ao vivo (ligas: ['bra.1', 'usa.1', 'arg.1', 'mex.1', 'nor.1', 'swe.1', 'uefa.europa', 'uefa.champions', 'eng.1', 'esp.1', 'ita.1', 'ger.1', 'fra.1'])
09:47:23 [INFO] Sem Copa ao vivo — API-Football poupada (0 cota)
09:52:26 [INFO] [ESPN] 0 jogos ao vivo (ligas: ['bra.1', 'usa.1', 'arg.1', 'mex.1', 'nor.1', 'swe.1', 'uefa.europa', 'uefa.champions', 'eng.1', 'esp.1', 'ita.1', 'ger.1', 'fra.1'])
09:52:27 [INFO] Sem Copa ao vivo — API-Football poupada (0 cota)
09:57:30 [INFO] [ESPN] 0 jogos ao vivo (ligas: ['bra.1', 'usa.1', 'arg.1', 'mex.1', 'nor.1', 'swe.1', 'uefa.europa', 'uefa.champions', 'eng.1', 'esp.1', 'ita.1', 'ger.1', 'fra.1'])
09:57:30 [INFO] Sem Copa ao vivo — API-Football poupada (0 cota)
10:02:34 [INFO] [ESPN] 0 jogos ao vivo (ligas: ['bra.1', 'usa.1', 'arg.1', 'mex.1', 'nor.1', 'swe.1', 'uefa.europa', 'uefa.champions', 'eng.1', 'esp.1', 'ita.1', 'ger.1', 'fra.1'])
10:02:34 [INFO] Sem Copa ao vivo — API-Football poupada (0 cota)
10:07:38 [INFO] [ESPN] 0 jogos ao vivo (ligas: ['bra.1', 'usa.1', 'arg.1', 'mex.1', 'nor.1', 'swe.1', 'uefa.europa', 'uefa.champions', 'eng.1', 'esp.1', 'ita.1', 'ger.1', 'fra.1'])
10:07:38 [INFO] Sem Copa ao vivo — API-Football poupada (0 cota)
10:12:41 [INFO] [ESPN] 0 jogos ao vivo (ligas: ['bra.1', 'usa.1', 'arg.1', 'mex.1', 'nor.1', 'swe.1', 'uefa.europa', 'uefa.champions', 'eng.1', 'esp.1', 'ita.1', 'ger.1', 'fra.1'])
10:12:42 [INFO] Sem Copa ao vivo — API-Football poupada (0 cota)
10:17:45 [INFO] [ESPN] 0 jogos ao vivo (ligas: ['bra.1', 'usa.1', 'arg.1', 'mex.1', 'nor.1', 'swe.1', 'uefa.europa', 'uefa.champions', 'eng.1', 'esp.1', 'ita.1', 'ger.1', 'fra.1'])
10:17:45 [INFO] Sem Copa ao vivo — API-Football poupada (0 cota)
10:22:49 [INFO] [ESPN] 0 jogos ao vivo (ligas: ['bra.1', 'usa.1', 'arg.1', 'mex.1', 'nor.1', 'swe.1', 'uefa.europa', 'uefa.champions', 'eng.1', 'esp.1', 'ita.1', 'ger.1', 'fra.1'])
10:22:49 [INFO] Sem Copa ao vivo — API-Football poupada (0 cota)
10:27:53 [INFO] [ESPN] 0 jogos ao vivo (ligas: ['bra.1', 'usa.1', 'arg.1', 'mex.1', 'nor.1', 'swe.1', 'uefa.europa', 'uefa.champions', 'eng.1', 'esp.1', 'ita.1', 'ger.1', 'fra.1'])
10:27:53 [INFO] Sem Copa ao vivo — API-Football poupada (0 cota)
10:32:56 [INFO] [ESPN] 0 jogos ao vivo (ligas: ['bra.1', 'usa.1', 'arg.1', 'mex.1', 'nor.1', 'swe.1', 'uefa.europa', 'uefa.champions', 'eng.1', 'esp.1', 'ita.1', 'ger.1', 'fra.1'])
10:32:56 [INFO] Sem Copa ao vivo — API-Football poupada (0 cota)
10:38:00 [INFO] [ESPN] 0 jogos ao vivo (ligas: ['bra.1', 'usa.1', 'arg.1', 'mex.1', 'nor.1', 'swe.1', 'uefa.europa', 'uefa.champions', 'eng.1', 'esp.1', 'ita.1', 'ger.1', 'fra.1'])
10:38:00 [INFO] Sem Copa ao vivo — API-Football poupada (0 cota)
10:43:04 [INFO] [ESPN] 0 jogos ao vivo (ligas: ['bra.1', 'usa.1', 'arg.1', 'mex.1', 'nor.1', 'swe.1', 'uefa.europa', 'uefa.champions', 'eng.1', 'esp.1', 'ita.1', 'ger.1', 'fra.1'])
10:43:04 [INFO] Sem Copa ao vivo — API-Football poupada (0 cota)
10:48:08 [INFO] [ESPN] 0 jogos ao vivo (ligas: ['bra.1', 'usa.1', 'arg.1', 'mex.1', 'nor.1', 'swe.1', 'uefa.europa', 'uefa.champions', 'eng.1', 'esp.1', 'ita.1', 'ger.1', 'fra.1'])
10:48:08 [INFO] Sem Copa ao vivo — API-Football poupada (0 cota)
10:53:11 [INFO] [ESPN] 0 jogos ao vivo (ligas: ['bra.1', 'usa.1', 'arg.1', 'mex.1', 'nor.1', 'swe.1', 'uefa.europa', 'uefa.champions', 'eng.1', 'esp.1', 'ita.1', 'ger.1', 'fra.1'])
10:53:12 [INFO] Sem Copa ao vivo — API-Football poupada (0 cota)
10:58:15 [INFO] [ESPN] 0 jogos ao vivo (ligas: ['bra.1', 'usa.1', 'arg.1', 'mex.1', 'nor.1', 'swe.1', 'uefa.europa', 'uefa.champions', 'eng.1', 'esp.1', 'ita.1', 'ger.1', 'fra.1'])
10:58:15 [INFO] Sem Copa ao vivo — API-Football poupada (0 cota)
11:03:18 [INFO] [ESPN] 0 jogos ao vivo (ligas: ['bra.1', 'usa.1', 'arg.1', 'mex.1', 'nor.1', 'swe.1', 'uefa.europa', 'uefa.champions', 'eng.1', 'esp.1', 'ita.1', 'ger.1', 'fra.1'])
11:03:19 [INFO] Sem Copa ao vivo — API-Football poupada (0 cota)
11:08:22 [INFO] [ESPN] 0 jogos ao vivo (ligas: ['bra.1', 'usa.1', 'arg.1', 'mex.1', 'nor.1', 'swe.1', 'uefa.europa', 'uefa.champions', 'eng.1', 'esp.1', 'ita.1', 'ger.1', 'fra.1'])
11:08:22 [INFO] Sem Copa ao vivo — API-Football poupada (0 cota)
11:13:26 [INFO] [ESPN] 0 jogos ao vivo (ligas: ['bra.1', 'usa.1', 'arg.1', 'mex.1', 'nor.1', 'swe.1', 'uefa.europa', 'uefa.champions', 'eng.1', 'esp.1', 'ita.1', 'ger.1', 'fra.1'])
11:13:26 [INFO] Sem Copa ao vivo — API-Football poupada (0 cota)
11:18:29 [INFO] [ESPN] 0 jogos ao vivo (ligas: ['bra.1', 'usa.1', 'arg.1', 'mex.1', 'nor.1', 'swe.1', 'uefa.europa', 'uefa.champions', 'eng.1', 'esp.1', 'ita.1', 'ger.1', 'fra.1'])
11:18:29 [INFO] Sem Copa ao vivo — API-Football poupada (0 cota)
11:23:32 [INFO] [ESPN] 0 jogos ao vivo (ligas: ['bra.1', 'usa.1', 'arg.1', 'mex.1', 'nor.1', 'swe.1', 'uefa.europa', 'uefa.champions', 'eng.1', 'esp.1', 'ita.1', 'ger.1', 'fra.1'])
11:23:33 [INFO] Sem Copa ao vivo — API-Football poupada (0 cota)
11:28:36 [INFO] [ESPN] 0 jogos ao vivo (ligas: ['bra.1', 'usa.1', 'arg.1', 'mex.1', 'nor.1', 'swe.1', 'uefa.europa', 'uefa.champions', 'eng.1', 'esp.1', 'ita.1', 'ger.1', 'fra.1'])
11:28:36 [INFO] Sem Copa ao vivo — API-Football poupada (0 cota)
11:33:40 [INFO] [ESPN] 0 jogos ao vivo (ligas: ['bra.1', 'usa.1', 'arg.1', 'mex.1', 'nor.1', 'swe.1', 'uefa.europa', 'uefa.champions', 'eng.1', 'esp.1', 'ita.1', 'ger.1', 'fra.1'])
11:33:40 [INFO] Sem Copa ao vivo — API-Football poupada (0 cota)
11:38:43 [INFO] [ESPN] 0 jogos ao vivo (ligas: ['bra.1', 'usa.1', 'arg.1', 'mex.1', 'nor.1', 'swe.1', 'uefa.europa', 'uefa.champions', 'eng.1', 'esp.1', 'ita.1', 'ger.1', 'fra.1'])
11:38:43 [INFO] Sem Copa ao vivo — API-Football poupada (0 cota)
11:43:46 [INFO] [ESPN] 0 jogos ao vivo (ligas: ['bra.1', 'usa.1', 'arg.1', 'mex.1', 'nor.1', 'swe.1', 'uefa.europa', 'uefa.champions', 'eng.1', 'esp.1', 'ita.1', 'ger.1', 'fra.1'])
11:43:47 [INFO] Sem Copa ao vivo — API-Football poupada (0 cota)
11:48:50 [INFO] [ESPN] 0 jogos ao vivo (ligas: ['bra.1', 'usa.1', 'arg.1', 'mex.1', 'nor.1', 'swe.1', 'uefa.europa', 'uefa.champions', 'eng.1', 'esp.1', 'ita.1', 'ger.1', 'fra.1'])
11:48:50 [INFO] Sem Copa ao vivo — API-Football poupada (0 cota)
11:53:55 [INFO] [ESPN] 0 jogos ao vivo (ligas: ['bra.1', 'usa.1', 'arg.1', 'mex.1', 'nor.1', 'swe.1', 'uefa.europa', 'uefa.champions', 'eng.1', 'esp.1', 'ita.1', 'ger.1', 'fra.1'])
11:53:55 [INFO] Sem Copa ao vivo — API-Football poupada (0 cota)
11:59:00 [INFO] [ESPN] 0 jogos ao vivo (ligas: ['bra.1', 'usa.1', 'arg.1', 'mex.1', 'nor.1', 'swe.1', 'uefa.europa', 'uefa.champions', 'eng.1', 'esp.1', 'ita.1', 'ger.1', 'fra.1'])
11:59:01 [INFO] Sem Copa ao vivo — API-Football poupada (0 cota)
12:04:05 [INFO] [ESPN] 0 jogos ao vivo (ligas: ['bra.1', 'usa.1', 'arg.1', 'mex.1', 'nor.1', 'swe.1', 'uefa.europa', 'uefa.champions', 'eng.1', 'esp.1', 'ita.1', 'ger.1', 'fra.1'])
12:04:06 [INFO] Sem Copa ao vivo — API-Football poupada (0 cota)
12:09:10 [INFO] [ESPN] 0 jogos ao vivo (ligas: ['bra.1', 'usa.1', 'arg.1', 'mex.1', 'nor.1', 'swe.1', 'uefa.europa', 'uefa.champions', 'eng.1', 'esp.1', 'ita.1', 'ger.1', 'fra.1'])
12:09:11 [INFO] Sem Copa ao vivo — API-Football poupada (0 cota)
12:14:19 [INFO] [ESPN] 0 jogos ao vivo (ligas: ['bra.1', 'usa.1', 'arg.1', 'mex.1', 'nor.1', 'swe.1', 'uefa.europa', 'uefa.champions', 'eng.1', 'esp.1', 'ita.1', 'ger.1', 'fra.1'])
12:14:19 [INFO] Sem Copa ao vivo — API-Football poupada (0 cota)
12:19:30 [INFO] [ESPN] 0 jogos ao vivo (ligas: ['bra.1', 'usa.1', 'arg.1', 'mex.1', 'nor.1', 'swe.1', 'uefa.europa', 'uefa.champions', 'eng.1', 'esp.1', 'ita.1', 'ger.1', 'fra.1'])
12:19:31 [INFO] Sem Copa ao vivo — API-Football poupada (0 cota)
12:24:42 [INFO] [ESPN] 0 jogos ao vivo (ligas: ['bra.1', 'usa.1', 'arg.1', 'mex.1', 'nor.1', 'swe.1', 'uefa.europa', 'uefa.champions', 'eng.1', 'esp.1', 'ita.1', 'ger.1', 'fra.1'])
12:24:43 [INFO] Sem Copa ao vivo — API-Football poupada (0 cota)
12:29:55 [INFO] [ESPN] 0 jogos ao vivo (ligas: ['bra.1', 'usa.1', 'arg.1', 'mex.1', 'nor.1', 'swe.1', 'uefa.europa', 'uefa.champions', 'eng.1', 'esp.1', 'ita.1', 'ger.1', 'fra.1'])
12:29:56 [INFO] Sem Copa ao vivo — API-Football poupada (0 cota)
12:35:07 [INFO] [ESPN] 0 jogos ao vivo (ligas: ['bra.1', 'usa.1', 'arg.1', 'mex.1', 'nor.1', 'swe.1', 'uefa.europa', 'uefa.champions', 'eng.1', 'esp.1', 'ita.1', 'ger.1', 'fra.1'])
12:35:07 [INFO] Sem Copa ao vivo — API-Football poupada (0 cota)
12:40:19 [INFO] [ESPN] 0 jogos ao vivo (ligas: ['bra.1', 'usa.1', 'arg.1', 'mex.1', 'nor.1', 'swe.1', 'uefa.europa', 'uefa.champions', 'eng.1', 'esp.1', 'ita.1', 'ger.1', 'fra.1'])
12:40:20 [INFO] Sem Copa ao vivo — API-Football poupada (0 cota)
12:45:30 [INFO] [ESPN] 0 jogos ao vivo (ligas: ['bra.1', 'usa.1', 'arg.1', 'mex.1', 'nor.1', 'swe.1', 'uefa.europa', 'uefa.champions', 'eng.1', 'esp.1', 'ita.1', 'ger.1', 'fra.1'])
12:45:31 [INFO] Sem Copa ao vivo — API-Football poupada (0 cota)
12:50:42 [INFO] [ESPN] 0 jogos ao vivo (ligas: ['bra.1', 'usa.1', 'arg.1', 'mex.1', 'nor.1', 'swe.1', 'uefa.europa', 'uefa.champions', 'eng.1', 'esp.1', 'ita.1', 'ger.1', 'fra.1'])
12:50:43 [INFO] Sem Copa ao vivo — API-Football poupada (0 cota)
12:55:51 [INFO] [ESPN] 0 jogos ao vivo (ligas: ['bra.1', 'usa.1', 'arg.1', 'mex.1', 'nor.1', 'swe.1', 'uefa.europa', 'uefa.champions', 'eng.1', 'esp.1', 'ita.1', 'ger.1', 'fra.1'])
12:55:52 [INFO] Sem Copa ao vivo — API-Football poupada (0 cota)
13:00:59 [INFO] [ESPN] 0 jogos ao vivo (ligas: ['bra.1', 'usa.1', 'arg.1', 'mex.1', 'nor.1', 'swe.1', 'uefa.europa', 'uefa.champions', 'eng.1', 'esp.1', 'ita.1', 'ger.1', 'fra.1'])
13:00:59 [INFO] Sem Copa ao vivo — API-Football poupada (0 cota)
13:06:08 [INFO] [ESPN] 0 jogos ao vivo (ligas: ['bra.1', 'usa.1', 'arg.1', 'mex.1', 'nor.1', 'swe.1', 'uefa.europa', 'uefa.champions', 'eng.1', 'esp.1', 'ita.1', 'ger.1', 'fra.1'])
13:06:08 [INFO] Sem Copa ao vivo — API-Football poupada (0 cota)
13:11:16 [INFO] [ESPN] 0 jogos ao vivo (ligas: ['bra.1', 'usa.1', 'arg.1', 'mex.1', 'nor.1', 'swe.1', 'uefa.europa', 'uefa.champions', 'eng.1', 'esp.1', 'ita.1', 'ger.1', 'fra.1'])
13:11:17 [INFO] Sem Copa ao vivo — API-Football poupada (0 cota)
13:16:24 [INFO] [ESPN] 0 jogos ao vivo (ligas: ['bra.1', 'usa.1', 'arg.1', 'mex.1', 'nor.1', 'swe.1', 'uefa.europa', 'uefa.champions', 'eng.1', 'esp.1', 'ita.1', 'ger.1', 'fra.1'])
13:16:25 [INFO] Sem Copa ao vivo — API-Football poupada (0 cota)
13:21:34 [INFO] [ESPN] 0 jogos ao vivo (ligas: ['bra.1', 'usa.1', 'arg.1', 'mex.1', 'nor.1', 'swe.1', 'uefa.europa', 'uefa.champions', 'eng.1', 'esp.1', 'ita.1', 'ger.1', 'fra.1'])
13:21:34 [INFO] Sem Copa ao vivo — API-Football poupada (0 cota)
13:26:41 [INFO] [ESPN] 0 jogos ao vivo (ligas: ['bra.1', 'usa.1', 'arg.1', 'mex.1', 'nor.1', 'swe.1', 'uefa.europa', 'uefa.champions', 'eng.1', 'esp.1', 'ita.1', 'ger.1', 'fra.1'])
13:26:42 [INFO] Sem Copa ao vivo — API-Football poupada (0 cota)
13:31:49 [INFO] [ESPN] 0 jogos ao vivo (ligas: ['bra.1', 'usa.1', 'arg.1', 'mex.1', 'nor.1', 'swe.1', 'uefa.europa', 'uefa.champions', 'eng.1', 'esp.1', 'ita.1', 'ger.1', 'fra.1'])
13:31:49 [INFO] Sem Copa ao vivo — API-Football poupada (0 cota)
13:36:55 [INFO] [ESPN] 0 jogos ao vivo (ligas: ['bra.1', 'usa.1', 'arg.1', 'mex.1', 'nor.1', 'swe.1', 'uefa.europa', 'uefa.champions', 'eng.1', 'esp.1', 'ita.1', 'ger.1', 'fra.1'])
13:36:55 [INFO] Sem Copa ao vivo — API-Football poupada (0 cota)
13:42:01 [INFO] [ESPN] 0 jogos ao vivo (ligas: ['bra.1', 'usa.1', 'arg.1', 'mex.1', 'nor.1', 'swe.1', 'uefa.europa', 'uefa.champions', 'eng.1', 'esp.1', 'ita.1', 'ger.1', 'fra.1'])
13:42:01 [INFO] Sem Copa ao vivo — API-Football poupada (0 cota)
13:47:07 [INFO] [ESPN] 0 jogos ao vivo (ligas: ['bra.1', 'usa.1', 'arg.1', 'mex.1', 'nor.1', 'swe.1', 'uefa.europa', 'uefa.champions', 'eng.1', 'esp.1', 'ita.1', 'ger.1', 'fra.1'])
13:47:07 [INFO] Sem Copa ao vivo — API-Football poupada (0 cota)
13:52:13 [INFO] [ESPN] 0 jogos ao vivo (ligas: ['bra.1', 'usa.1', 'arg.1', 'mex.1', 'nor.1', 'swe.1', 'uefa.europa', 'uefa.champions', 'eng.1', 'esp.1', 'ita.1', 'ger.1', 'fra.1'])
13:52:13 [INFO] Sem Copa ao vivo — API-Football poupada (0 cota)
13:57:19 [INFO] [ESPN] 0 jogos ao vivo (ligas: ['bra.1', 'usa.1', 'arg.1', 'mex.1', 'nor.1', 'swe.1', 'uefa.europa', 'uefa.champions', 'eng.1', 'esp.1', 'ita.1', 'ger.1', 'fra.1'])
13:57:19 [INFO] Sem Copa ao vivo — API-Football poupada (0 cota)
14:02:24 [INFO] [ESPN] 0 jogos ao vivo (ligas: ['bra.1', 'usa.1', 'arg.1', 'mex.1', 'nor.1', 'swe.1', 'uefa.europa', 'uefa.champions', 'eng.1', 'esp.1', 'ita.1', 'ger.1', 'fra.1'])
14:02:25 [INFO] Sem Copa ao vivo — API-Football poupada (0 cota)
14:07:30 [INFO] [ESPN] 0 jogos ao vivo (ligas: ['bra.1', 'usa.1', 'arg.1', 'mex.1', 'nor.1', 'swe.1', 'uefa.europa', 'uefa.champions', 'eng.1', 'esp.1', 'ita.1', 'ger.1', 'fra.1'])
14:07:31 [INFO] Sem Copa ao vivo — API-Football poupada (0 cota)
14:12:36 [INFO] [ESPN] 0 jogos ao vivo (ligas: ['bra.1', 'usa.1', 'arg.1', 'mex.1', 'nor.1', 'swe.1', 'uefa.europa', 'uefa.champions', 'eng.1', 'esp.1', 'ita.1', 'ger.1', 'fra.1'])
14:12:36 [INFO] Sem Copa ao vivo — API-Football poupada (0 cota)
14:17:43 [INFO] [ESPN] 0 jogos ao vivo (ligas: ['bra.1', 'usa.1', 'arg.1', 'mex.1', 'nor.1', 'swe.1', 'uefa.europa', 'uefa.champions', 'eng.1', 'esp.1', 'ita.1', 'ger.1', 'fra.1'])
14:17:43 [INFO] Sem Copa ao vivo — API-Football poupada (0 cota)
14:22:49 [INFO] [ESPN] 0 jogos ao vivo (ligas: ['bra.1', 'usa.1', 'arg.1', 'mex.1', 'nor.1', 'swe.1', 'uefa.europa', 'uefa.champions', 'eng.1', 'esp.1', 'ita.1', 'ger.1', 'fra.1'])
14:22:50 [INFO] Sem Copa ao vivo — API-Football poupada (0 cota)
14:27:56 [INFO] [ESPN] 0 jogos ao vivo (ligas: ['bra.1', 'usa.1', 'arg.1', 'mex.1', 'nor.1', 'swe.1', 'uefa.europa', 'uefa.champions', 'eng.1', 'esp.1', 'ita.1', 'ger.1', 'fra.1'])
14:27:56 [INFO] Sem Copa ao vivo — API-Football poupada (0 cota)
14:33:03 [INFO] [ESPN] 0 jogos ao vivo (ligas: ['bra.1', 'usa.1', 'arg.1', 'mex.1', 'nor.1', 'swe.1', 'uefa.europa', 'uefa.champions', 'eng.1', 'esp.1', 'ita.1', 'ger.1', 'fra.1'])
14:33:03 [INFO] Sem Copa ao vivo — API-Football poupada (0 cota)
14:38:09 [INFO] [ESPN] 0 jogos ao vivo (ligas: ['bra.1', 'usa.1', 'arg.1', 'mex.1', 'nor.1', 'swe.1', 'uefa.europa', 'uefa.champions', 'eng.1', 'esp.1', 'ita.1', 'ger.1', 'fra.1'])
14:38:09 [INFO] Sem Copa ao vivo — API-Football poupada (0 cota)
14:43:16 [INFO] [ESPN] 0 jogos ao vivo (ligas: ['bra.1', 'usa.1', 'arg.1', 'mex.1', 'nor.1', 'swe.1', 'uefa.europa', 'uefa.champions', 'eng.1', 'esp.1', 'ita.1', 'ger.1', 'fra.1'])
14:43:16 [INFO] Sem Copa ao vivo — API-Football poupada (0 cota)
14:48:21 [INFO] [ESPN] 0 jogos ao vivo (ligas: ['bra.1', 'usa.1', 'arg.1', 'mex.1', 'nor.1', 'swe.1', 'uefa.europa', 'uefa.champions', 'eng.1', 'esp.1', 'ita.1', 'ger.1', 'fra.1'])
14:48:22 [INFO] Sem Copa ao vivo — API-Football poupada (0 cota)
14:53:29 [INFO] [ESPN] 0 jogos ao vivo (ligas: ['bra.1', 'usa.1', 'arg.1', 'mex.1', 'nor.1', 'swe.1', 'uefa.europa', 'uefa.champions', 'eng.1', 'esp.1', 'ita.1', 'ger.1', 'fra.1'])
14:53:29 [INFO] Sem Copa ao vivo — API-Football poupada (0 cota)
14:58:35 [INFO] [ESPN] 0 jogos ao vivo (ligas: ['bra.1', 'usa.1', 'arg.1', 'mex.1', 'nor.1', 'swe.1', 'uefa.europa', 'uefa.champions', 'eng.1', 'esp.1', 'ita.1', 'ger.1', 'fra.1'])
14:58:35 [INFO] Sem Copa ao vivo — API-Football poupada (0 cota)
15:03:41 [INFO] [ESPN] 0 jogos ao vivo (ligas: ['bra.1', 'usa.1', 'arg.1', 'mex.1', 'nor.1', 'swe.1', 'uefa.europa', 'uefa.champions', 'eng.1', 'esp.1', 'ita.1', 'ger.1', 'fra.1'])
15:03:42 [INFO] Sem Copa ao vivo — API-Football poupada (0 cota)
15:08:47 [INFO] [ESPN] 0 jogos ao vivo (ligas: ['bra.1', 'usa.1', 'arg.1', 'mex.1', 'nor.1', 'swe.1', 'uefa.europa', 'uefa.champions', 'eng.1', 'esp.1', 'ita.1', 'ger.1', 'fra.1'])
15:08:48 [INFO] Sem Copa ao vivo — API-Football poupada (0 cota)
15:13:54 [INFO] [ESPN] 0 jogos ao vivo (ligas: ['bra.1', 'usa.1', 'arg.1', 'mex.1', 'nor.1', 'swe.1', 'uefa.europa', 'uefa.champions', 'eng.1', 'esp.1', 'ita.1', 'ger.1', 'fra.1'])
15:13:55 [INFO] Sem Copa ao vivo — API-Football poupada (0 cota)
15:19:01 [INFO] [ESPN] 0 jogos ao vivo (ligas: ['bra.1', 'usa.1', 'arg.1', 'mex.1', 'nor.1', 'swe.1', 'uefa.europa', 'uefa.champions', 'eng.1', 'esp.1', 'ita.1', 'ger.1', 'fra.1'])
15:19:01 [INFO] Sem Copa ao vivo — API-Football poupada (0 cota)
15:24:08 [INFO] [ESPN] 0 jogos ao vivo (ligas: ['bra.1', 'usa.1', 'arg.1', 'mex.1', 'nor.1', 'swe.1', 'uefa.europa', 'uefa.champions', 'eng.1', 'esp.1', 'ita.1', 'ger.1', 'fra.1'])
15:24:08 [INFO] Sem Copa ao vivo — API-Football poupada (0 cota)
15:29:12 [INFO] [ESPN] 0 jogos ao vivo (ligas: ['bra.1', 'usa.1', 'arg.1', 'mex.1', 'nor.1', 'swe.1', 'uefa.europa', 'uefa.champions', 'eng.1', 'esp.1', 'ita.1', 'ger.1', 'fra.1'])
15:29:12 [INFO] Sem Copa ao vivo — API-Football poupada (0 cota)
